// Jest Snapshot v1, https://goo.gl/fbAQLP

exports[`<SummaryPage  /> should match snapshot 1`] = `
<div
  class=""
/>
`;
